Archive member included to satisfy reference by file (symbol)

c:/st/stm32cubeide_1.12.0/stm32cubeide/plugins/com.st.stm32cube.ide.mcu.externaltools.gnu-tools-for-stm32.10.3-2021.10.win32_1.0.200.202301161003/tools/bin/../lib/gcc/arm-none-eabi/10.3.1/../../../../arm-none-eabi/lib/thumb/v7e-m+fp/hard\libc_nano.a(lib_a-errno.o)
                              ./Core/Src/syscalls.o (__errno)
c:/st/stm32cubeide_1.12.0/stm32cubeide/plugins/com.st.stm32cube.ide.mcu.externaltools.gnu-tools-for-stm32.10.3-2021.10.win32_1.0.200.202301161003/tools/bin/../lib/gcc/arm-none-eabi/10.3.1/../../../../arm-none-eabi/lib/thumb/v7e-m+fp/hard\libc_nano.a(lib_a-exit.o)
                              c:/st/stm32cubeide_1.12.0/stm32cubeide/plugins/com.st.stm32cube.ide.mcu.externaltools.gnu-tools-for-stm32.10.3-2021.10.win32_1.0.200.202301161003/tools/bin/../lib/gcc/arm-none-eabi/10.3.1/../../../../arm-none-eabi/lib/thumb/v7e-m+fp/hard/crt0.o (exit)
c:/st/stm32cubeide_1.12.0/stm32cubeide/plugins/com.st.stm32cube.ide.mcu.externaltools.gnu-tools-for-stm32.10.3-2021.10.win32_1.0.200.202301161003/tools/bin/../lib/gcc/arm-none-eabi/10.3.1/../../../../arm-none-eabi/lib/thumb/v7e-m+fp/hard\libc_nano.a(lib_a-impure.o)
                              c:/st/stm32cubeide_1.12.0/stm32cubeide/plugins/com.st.stm32cube.ide.mcu.externaltools.gnu-tools-for-stm32.10.3-2021.10.win32_1.0.200.202301161003/tools/bin/../lib/gcc/arm-none-eabi/10.3.1/../../../../arm-none-eabi/lib/thumb/v7e-m+fp/hard\libc_nano.a(lib_a-exit.o) (_global_impure_ptr)
c:/st/stm32cubeide_1.12.0/stm32cubeide/plugins/com.st.stm32cube.ide.mcu.externaltools.gnu-tools-for-stm32.10.3-2021.10.win32_1.0.200.202301161003/tools/bin/../lib/gcc/arm-none-eabi/10.3.1/../../../../arm-none-eabi/lib/thumb/v7e-m+fp/hard\libc_nano.a(lib_a-init.o)
                              c:/st/stm32cubeide_1.12.0/stm32cubeide/plugins/com.st.stm32cube.ide.mcu.externaltools.gnu-tools-for-stm32.10.3-2021.10.win32_1.0.200.202301161003/tools/bin/../lib/gcc/arm-none-eabi/10.3.1/../../../../arm-none-eabi/lib/thumb/v7e-m+fp/hard/crt0.o (__libc_init_array)
c:/st/stm32cubeide_1.12.0/stm32cubeide/plugins/com.st.stm32cube.ide.mcu.externaltools.gnu-tools-for-stm32.10.3-2021.10.win32_1.0.200.202301161003/tools/bin/../lib/gcc/arm-none-eabi/10.3.1/../../../../arm-none-eabi/lib/thumb/v7e-m+fp/hard\libc_nano.a(lib_a-memset.o)
                              c:/st/stm32cubeide_1.12.0/stm32cubeide/plugins/com.st.stm32cube.ide.mcu.externaltools.gnu-tools-for-stm32.10.3-2021.10.win32_1.0.200.202301161003/tools/bin/../lib/gcc/arm-none-eabi/10.3.1/../../../../arm-none-eabi/lib/thumb/v7e-m+fp/hard/crt0.o (memset)

Discarded input sections

 .text          0x0000000000000000        0x0 c:/st/stm32cubeide_1.12.0/stm32cubeide/plugins/com.st.stm32cube.ide.mcu.externaltools.gnu-tools-for-stm32.10.3-2021.10.win32_1.0.200.202301161003/tools/bin/../lib/gcc/arm-none-eabi/10.3.1/thumb/v7e-m+fp/hard/crti.o
 .data          0x0000000000000000        0x0 c:/st/stm32cubeide_1.12.0/stm32cubeide/plugins/com.st.stm32cube.ide.mcu.externaltools.gnu-tools-for-stm32.10.3-2021.10.win32_1.0.200.202301161003/tools/bin/../lib/gcc/arm-none-eabi/10.3.1/thumb/v7e-m+fp/hard/crti.o
 .bss           0x0000000000000000        0x0 c:/st/stm32cubeide_1.12.0/stm32cubeide/plugins/com.st.stm32cube.ide.mcu.externaltools.gnu-tools-for-stm32.10.3-2021.10.win32_1.0.200.202301161003/tools/bin/../lib/gcc/arm-none-eabi/10.3.1/thumb/v7e-m+fp/hard/crti.o
 .data          0x0000000000000000        0x4 c:/st/stm32cubeide_1.12.0/stm32cubeide/plugins/com.st.stm32cube.ide.mcu.externaltools.gnu-tools-for-stm32.10.3-2021.10.win32_1.0.200.202301161003/tools/bin/../lib/gcc/arm-none-eabi/10.3.1/thumb/v7e-m+fp/hard/crtbegin.o
 .rodata        0x0000000000000000       0x24 c:/st/stm32cubeide_1.12.0/stm32cubeide/plugins/com.st.stm32cube.ide.mcu.externaltools.gnu-tools-for-stm32.10.3-2021.10.win32_1.0.200.202301161003/tools/bin/../lib/gcc/arm-none-eabi/10.3.1/thumb/v7e-m+fp/hard/crtbegin.o
 .text          0x0000000000000000       0x7c c:/st/stm32cubeide_1.12.0/stm32cubeide/plugins/com.st.stm32cube.ide.mcu.externaltools.gnu-tools-for-stm32.10.3-2021.10.win32_1.0.200.202301161003/tools/bin/../lib/gcc/arm-none-eabi/10.3.1/../../../../arm-none-eabi/lib/thumb/v7e-m+fp/hard/crt0.o
 .data          0x0000000000000000        0x0 c:/st/stm32cubeide_1.12.0/stm32cubeide/plugins/com.st.stm32cube.ide.mcu.externaltools.gnu-tools-for-stm32.10.3-2021.10.win32_1.0.200.202301161003/tools/bin/../lib/gcc/arm-none-eabi/10.3.1/../../../../arm-none-eabi/lib/thumb/v7e-m+fp/hard/crt0.o
 .bss           0x0000000000000000        0x0 c:/st/stm32cubeide_1.12.0/stm32cubeide/plugins/com.st.stm32cube.ide.mcu.externaltools.gnu-tools-for-stm32.10.3-2021.10.win32_1.0.200.202301161003/tools/bin/../lib/gcc/arm-none-eabi/10.3.1/../../../../arm-none-eabi/lib/thumb/v7e-m+fp/hard/crt0.o
[...]
Memory Configuration

Name             Origin             Length             Attributes
CCMRAM           0x0000000010000000 0x0000000000001000 xrw
RAM              0x0000000020000000 0x0000000000003000 xrw
FLASH            0x0000000008000000 0x0000000000010000 xr
*default*        0x0000000000000000 0xffffffffffffffff

Linker script and memory map

LOAD c:/st/stm32cubeide_1.12.0/stm32cubeide/plugins/com.st.stm32cube.ide.mcu.externaltools.gnu-tools-for-stm32.10.3-2021.10.win32_1.0.200.202301161003/tools/bin/../lib/gcc/arm-none-eabi/10.3.1/thumb/v7e-m+fp/hard/crti.o
LOAD c:/st/stm32cubeide_1.12.0/stm32cubeide/plugins/com.st.stm32cube.ide.mcu.externaltools.gnu-tools-for-stm32.10.3-2021.10.win32_1.0.200.202301161003/tools/bin/../lib/gcc/arm-none-eabi/10.3.1/thumb/v7e-m+fp/hard/crtbegin.o
LOAD c:/st/stm32cubeide_1.12.0/stm32cubeide/plugins/com.st.stm32cube.ide.mcu.externaltools.gnu-tools-for-stm32.10.3-2021.10.win32_1.0.200.202301161003/tools/bin/../lib/gcc/arm-none-eabi/10.3.1/../../../../arm-none-eabi/lib/thumb/v7e-m+fp/hard/crt0.o
LOAD ./Core/Src/Message_process.o
LOAD ./Core/Src/Operation.o
LOAD ./Core/Src/Sensor.o
LOAD ./Core/Src/dma.o
LOAD ./Core/Src/gpio.o
LOAD ./Core/Src/i2c.o
LOAD ./Core/Src/main.o
LOAD ./Core/Src/sensor1.o
LOAD ./Core/Src/stm32f3xx_hal_msp.o
LOAD ./Core/Src/stm32f3xx_it.o
LOAD ./Core/Src/syscalls.o
LOAD ./Core/Src/sysmem.o
LOAD ./Core/Src/system_stm32f3xx.o
LOAD ./Core/Src/usart.o
LOAD ./Core/Startup/startup_stm32f303k8tx.o
LOAD ./Drivers/STM32F3xx_HAL_Driver/Src/stm32f3xx_hal.o
LOAD ./Drivers/STM32F3xx_HAL_Driver/Src/stm32f3xx_hal_cortex.o
LOAD ./Drivers/STM32F3xx_HAL_Driver/Src/stm32f3xx_hal_dma.o
LOAD ./Drivers/STM32F3xx_HAL_Driver/Src/stm32f3xx_hal_exti.o
LOAD ./Drivers/STM32F3xx_HAL_Driver/Src/stm32f3xx_hal_flash.o
LOAD ./Drivers/STM32F3xx_HAL_Driver/Src/stm32f3xx_hal_flash_ex.o
LOAD ./Drivers/STM32F3xx_HAL_Driver/Src/stm32f3xx_hal_gpio.o
LOAD ./Drivers/STM32F3xx_HAL_Driver/Src/stm32f3xx_hal_i2c.o
LOAD ./Drivers/STM32F3xx_HAL_Driver/Src/stm32f3xx_hal_i2c_ex.o
LOAD ./Drivers/STM32F3xx_HAL_Driver/Src/stm32f3xx_hal_pwr.o
LOAD ./Drivers/STM32F3xx_HAL_Driver/Src/stm32f3xx_hal_pwr_ex.o
LOAD ./Drivers/STM32F3xx_HAL_Driver/Src/stm32f3xx_hal_rcc.o
LOAD ./Drivers/STM32F3xx_HAL_Driver/Src/stm32f3xx_hal_rcc_ex.o
LOAD ./Drivers/STM32F3xx_HAL_Driver/Src/stm32f3xx_hal_tim.o
LOAD ./Drivers/STM32F3xx_HAL_Driver/Src/stm32f3xx_hal_tim_ex.o
LOAD ./Drivers/STM32F3xx_HAL_Driver/Src/stm32f3xx_ll_dma.o
LOAD ./Drivers/STM32F3xx_HAL_Driver/Src/stm32f3xx_ll_exti.o
LOAD ./Drivers/STM32F3xx_HAL_Driver/Src/stm32f3xx_ll_gpio.o
LOAD ./Drivers/STM32F3xx_HAL_Driver/Src/stm32f3xx_ll_i2c.o
LOAD ./Drivers/STM32F3xx_HAL_Driver/Src/stm32f3xx_ll_rcc.o
LOAD ./Drivers/STM32F3xx_HAL_Driver/Src/stm32f3xx_ll_usart.o
LOAD ./Drivers/STM32F3xx_HAL_Driver/Src/stm32f3xx_ll_utils.o
START GROUP
LOAD c:/st/stm32cubeide_1.12.0/stm32cubeide/plugins/com.st.stm32cube.ide.mcu.externaltools.gnu-tools-for-stm32.10.3-2021.10.win32_1.0.200.202301161003/tools/bin/../lib/gcc/arm-none-eabi/10.3.1/../../../../arm-none-eabi/lib/thumb/v7e-m+fp/hard\libc_nano.a
LOAD c:/st/stm32cubeide_1.12.0/stm32cubeide/plugins/com.st.stm32cube.ide.mcu.externaltools.gnu-tools-for-stm32.10.3-2021.10.win32_1.0.200.202301161003/tools/bin/../lib/gcc/arm-none-eabi/10.3.1/../../../../arm-none-eabi/lib/thumb/v7e-m+fp/hard\libm.a
END GROUP
START GROUP
LOAD c:/st/stm32cubeide_1.12.0/stm32cubeide/plugins/com.st.stm32cube.ide.mcu.externaltools.gnu-tools-for-stm32.10.3-2021.10.win32_1.0.200.202301161003/tools/bin/../lib/gcc/arm-none-eabi/10.3.1/thumb/v7e-m+fp/hard\libgcc.a
LOAD c:/st/stm32cubeide_1.12.0/stm32cubeide/plugins/com.st.stm32cube.ide.mcu.externaltools.gnu-tools-for-stm32.10.3-2021.10.win32_1.0.200.202301161003/tools/bin/../lib/gcc/arm-none-eabi/10.3.1/../../../../arm-none-eabi/lib/thumb/v7e-m+fp/hard\libc_nano.a
END GROUP
START GROUP
LOAD c:/st/stm32cubeide_1.12.0/stm32cubeide/plugins/com.st.stm32cube.ide.mcu.externaltools.gnu-tools-for-stm32.10.3-2021.10.win32_1.0.200.202301161003/tools/bin/../lib/gcc/arm-none-eabi/10.3.1/thumb/v7e-m+fp/hard\libgcc.a
LOAD c:/st/stm32cubeide_1.12.0/stm32cubeide/plugins/com.st.stm32cube.ide.mcu.externaltools.gnu-tools-for-stm32.10.3-2021.10.win32_1.0.200.202301161003/tools/bin/../lib/gcc/arm-none-eabi/10.3.1/../../../../arm-none-eabi/lib/thumb/v7e-m+fp/hard\libc_nano.a
LOAD c:/st/stm32cubeide_1.12.0/stm32cubeide/plugins/com.st.stm32cube.ide.mcu.externaltools.gnu-tools-for-stm32.10.3-2021.10.win32_1.0.200.202301161003/tools/bin/../lib/gcc/arm-none-eabi/10.3.1/../../../../arm-none-eabi/lib/thumb/v7e-m+fp/hard\libnosys.a
END GROUP
START GROUP
LOAD c:/st/stm32cubeide_1.12.0/stm32cubeide/plugins/com.st.stm32cube.ide.mcu.externaltools.gnu-tools-for-stm32.10.3-2021.10.win32_1.0.200.202301161003/tools/bin/../lib/gcc/arm-none-eabi/10.3.1/thumb/v7e-m+fp/hard\libgcc.a
LOAD c:/st/stm32cubeide_1.12.0/stm32cubeide/plugins/com.st.stm32cube.ide.mcu.externaltools.gnu-tools-for-stm32.10.3-2021.10.win32_1.0.200.202301161003/tools/bin/../lib/gcc/arm-none-eabi/10.3.1/../../../../arm-none-eabi/lib/thumb/v7e-m+fp/hard\libc_nano.a
LOAD c:/st/stm32cubeide_1.12.0/stm32cubeide/plugins/com.st.stm32cube.ide.mcu.externaltools.gnu-tools-for-stm32.10.3-2021.10.win32_1.0.200.202301161003/tools/bin/../lib/gcc/arm-none-eabi/10.3.1/../../../../arm-none-eabi/lib/thumb/v7e-m+fp/hard\libnosys.a
END GROUP
LOAD c:/st/stm32cubeide_1.12.0/stm32cubeide/plugins/com.st.stm32cube.ide.mcu.externaltools.gnu-tools-for-stm32.10.3-2021.10.win32_1.0.200.202301161003/tools/bin/../lib/gcc/arm-none-eabi/10.3.1/thumb/v7e-m+fp/hard/crtend.o
LOAD c:/st/stm32cubeide_1.12.0/stm32cubeide/plugins/com.st.stm32cube.ide.mcu.externaltools.gnu-tools-for-stm32.10.3-2021.10.win32_1.0.200.202301161003/tools/bin/../lib/gcc/arm-none-eabi/10.3.1/thumb/v7e-m+fp/hard/crtn.o
                0x0000000020003000                _estack = (ORIGIN (RAM) + LENGTH (RAM))
                0x0000000000000200                _Min_Heap_Size = 0x200
                0x0000000000000400                _Min_Stack_Size = 0x400

.isr_vector     0x0000000008000000      0x188
                0x0000000008000000                . = ALIGN (0x4)
 *(.isr_vector)
 .isr_vector    0x0000000008000000      0x188 ./Core/Startup/startup_stm32f303k8tx.o
                0x0000000008000000                g_pfnVectors
                0x0000000008000188                . = ALIGN (0x4)

.text           0x0000000008000188     0x37a0
                0x0000000008000188                . = ALIGN (0x4)
 *(.text)
 .text          0x0000000008000188       0x40 c:/st/stm32cubeide_1.12.0/stm32cubeide/plugins/com.st.stm32cube.ide.mcu.externaltools.gnu-tools-for-stm32.10.3-2021.10.win32_1.0.200.202301161003/tools/bin/../lib/gcc/arm-none-eabi/10.3.1/thumb/v7e-m+fp/hard/crtbegin.o
 *(.text*)
 .text.Msg_process
                0x00000000080001c8       0x64 ./Core/Src/Message_process.o
                0x00000000080001c8                Msg_process
 .text.recData_check
                0x000000000800022c       0x36 ./Core/Src/Message_process.o
                0x000000000800022c                recData_check
 .text.OperationMsg
                0x0000000008000262       0x34 ./Core/Src/Operation.o
                0x0000000008000262                OperationMsg
 .text.LL_I2C_IsActiveFlag_TXE
                0x0000000008000296       0x26 ./Core/Src/Sensor.o
 .text.LL_I2C_IsActiveFlag_RXNE
                0x00000000080002bc       0x26 ./Core/Src/Sensor.o
 .text.LL_I2C_IsActiveFlag_STOP
                0x00000000080002e2       0x26 ./Core/Src/Sensor.o
 .text.LL_I2C_ClearFlag_STOP
                0x0000000008000308       0x20 ./Core/Src/Sensor.o
 .text.LL_I2C_HandleTransfer
                0x0000000008000328       0x4c ./Core/Src/Sensor.o
 .text.LL_I2C_ReceiveData8
                0x0000000008000374       0x1a ./Core/Src/Sensor.o
 .text.LL_I2C_TransmitData8
                0x000000000800038e       0x1e ./Core/Src/Sensor.o
 .text.I2C_Write
                0x00000000080003ac       0x78 ./Core/Src/Sensor.o
                0x00000000080003ac                I2C_Write
 .text.I2C_Read
                0x0000000008000424       0x90 ./Core/Src/Sensor.o
                0x0000000008000424                I2C_Read
 .text.I2C_Read_Sensor
                0x00000000080004b4       0x1e ./Core/Src/Sensor.o
                0x00000000080004b4                I2C_Read_Sensor
 *fill*         0x00000000080004d2        0x2 
 .text.__NVIC_GetPriorityGrouping
                0x00000000080004d4       0x1c ./Core/Src/dma.o
 .text.__NVIC_EnableIRQ
                0x00000000080004f0       0x3c ./Core/Src/dma.o
 .text.__NVIC_SetPriority
                0x000000000800052c       0x54 ./Core/Src/dma.o
 .text.NVIC_EncodePriority
                0x0000000008000580       0x66 ./Core/Src/dma.o
 *fill*         0x00000000080005e6        0x2 
 .text.LL_DMA_EnableChannel
                0x00000000080005e8       0x40 ./Core/Src/dma.o
 .text.LL_DMA_DisableChannel
                0x0000000008000628       0x40 ./Core/Src/dma.o
 .text.LL_DMA_SetDataLength
                0x0000000008000668       0x48 ./Core/Src/dma.o
 .text.LL_USART_EnableDMAReq_TX
                0x00000000080006b0       0x46 ./Core/Src/dma.o
 *fill*         0x00000000080006f6        0x2 
 .text.LL_AHB1_GRP1_EnableClock
                0x00000000080006f8       0x30 ./Core/Src/dma.o
 .text.MX_DMA_Init
                0x0000000008000728       0x2e ./Core/Src/dma.o
                0x0000000008000728                MX_DMA_Init
 *fill*         0x0000000008000756        0x2 
 .text.DMA_TransmitData
                0x0000000008000758       0x30 ./Core/Src/dma.o
                0x0000000008000758                DMA_TransmitData
 .text.LL_GPIO_ResetOutputPin
                0x0000000008000788       0x1c ./Core/Src/gpio.o
 .text.LL_AHB1_GRP1_EnableClock
                0x00000000080007a4       0x30 ./Core/Src/gpio.o
 .text.MX_GPIO_Init
                0x00000000080007d4       0x58 ./Core/Src/gpio.o
                0x00000000080007d4                MX_GPIO_Init
 .text.LL_I2C_Enable
                0x000000000800082c       0x20 ./Core/Src/i2c.o
 .text.LL_I2C_EnableClockStretching
                0x000000000800084c       0x20 ./Core/Src/i2c.o
 .text.LL_I2C_DisableGeneralCall
                0x000000000800086c       0x20 ./Core/Src/i2c.o
 .text.LL_I2C_SetOwnAddress2
                0x000000000800088c       0x30 ./Core/Src/i2c.o
 .text.LL_I2C_DisableOwnAddress2
                0x00000000080008bc       0x20 ./Core/Src/i2c.o
 .text.LL_I2C_EnableAutoEndMode
                0x00000000080008dc       0x20 ./Core/Src/i2c.o
 .text.LL_AHB1_GRP1_EnableClock
                0x00000000080008fc       0x30 ./Core/Src/i2c.o
 .text.LL_APB1_GRP1_EnableClock
                0x000000000800092c       0x30 ./Core/Src/i2c.o
 .text.MX_I2C1_Init
                0x000000000800095c       0xc0 ./Core/Src/i2c.o
                0x000000000800095c                MX_I2C1_Init
 .text.LL_USART_IsActiveFlag_PE
                0x0000000008000a1c       0x26 ./Core/Src/main.o
 .text.LL_USART_IsActiveFlag_FE
                0x0000000008000a42       0x26 ./Core/Src/main.o
 .text.LL_USART_IsActiveFlag_ORE
                0x0000000008000a68       0x26 ./Core/Src/main.o
 .text.LL_USART_IsActiveFlag_RXNE
                0x0000000008000a8e       0x26 ./Core/Src/main.o
 .text.LL_USART_ReceiveData9
                0x0000000008000ab4       0x20 ./Core/Src/main.o
 .text.LL_GPIO_TogglePin
                0x0000000008000ad4       0x32 ./Core/Src/main.o
 *fill*         0x0000000008000b06        0x2 
 .text.main     0x0000000008000b08       0xd8 ./Core/Src/main.o
                0x0000000008000b08                main
 .text.SystemClock_Config
                0x0000000008000be0       0xb0 ./Core/Src/main.o
                0x0000000008000be0                SystemClock_Config
 .text.USART2_IRQHandler
                0x0000000008000c90       0xb0 ./Core/Src/main.o
                0x0000000008000c90                USART2_IRQHandler
 .text.Error_Handler
                0x0000000008000d40        0xa ./Core/Src/main.o
                0x0000000008000d40                Error_Handler
 *fill*         0x0000000008000d4a        0x2 
 .text.initalize_sensor_struct
                0x0000000008000d4c       0x4c ./Core/Src/sensor1.o
                0x0000000008000d4c                initalize_sensor_struct
 .text.I2C_Read_select1
                0x0000000008000d98       0x1c ./Core/Src/sensor1.o
                0x0000000008000d98                I2C_Read_select1
 .text.HAL_MspInit
                0x0000000008000db4       0x48 ./Core/Src/stm32f3xx_hal_msp.o
                0x0000000008000db4                HAL_MspInit
 .text.LL_DMA_IsActiveFlag_TC7
                0x0000000008000dfc       0x28 ./Core/Src/stm32f3xx_it.o
 .text.LL_DMA_ClearFlag_TC7
                0x0000000008000e24       0x1c ./Core/Src/stm32f3xx_it.o
 .text.NMI_Handler
                0x0000000008000e40        0x6 ./Core/Src/stm32f3xx_it.o
                0x0000000008000e40                NMI_Handler
 .text.HardFault_Handler
                0x0000000008000e46        0x6 ./Core/Src/stm32f3xx_it.o
                0x0000000008000e46                HardFault_Handler
 .text.MemManage_Handler
                0x0000000008000e4c        0x6 ./Core/Src/stm32f3xx_it.o
                0x0000000008000e4c                MemManage_Handler
 .text.BusFault_Handler
                0x0000000008000e52        0x6 ./Core/Src/stm32f3xx_it.o
                0x0000000008000e52                BusFault_Handler
 .text.UsageFault_Handler
                0x0000000008000e58        0x6 ./Core/Src/stm32f3xx_it.o
                0x0000000008000e58                UsageFault_Handler
 .text.SVC_Handler
                0x0000000008000e5e        0xe ./Core/Src/stm32f3xx_it.o
                0x0000000008000e5e                SVC_Handler
 .text.DebugMon_Handler
                0x0000000008000e6c        0xe ./Core/Src/stm32f3xx_it.o
                0x0000000008000e6c                DebugMon_Handler
 .text.PendSV_Handler
                0x0000000008000e7a        0xe ./Core/Src/stm32f3xx_it.o
                0x0000000008000e7a                PendSV_Handler
 .text.SysTick_Handler
                0x0000000008000e88        0xc ./Core/Src/stm32f3xx_it.o
                0x0000000008000e88                SysTick_Handler
 .text.DMA1_Channel7_IRQHandler
                0x0000000008000e94       0x20 ./Core/Src/stm32f3xx_it.o
                0x0000000008000e94                DMA1_Channel7_IRQHandler
 .text.SystemInit
                0x0000000008000eb4       0x24 ./Core/Src/system_stm32f3xx.o
                0x0000000008000eb4                SystemInit
 .text.__NVIC_GetPriorityGrouping
                0x0000000008000ed8       0x1c ./Core/Src/usart.o
 .text.__NVIC_EnableIRQ
                0x0000000008000ef4       0x3c ./Core/Src/usart.o
 .text.__NVIC_SetPriority
                0x0000000008000f30       0x54 ./Core/Src/usart.o
 .text.NVIC_EncodePriority
                0x0000000008000f84       0x66 ./Core/Src/usart.o
 *fill*         0x0000000008000fea        0x2 
 .text.LL_DMA_SetDataTransferDirection
                0x0000000008000fec       0x4c ./Core/Src/usart.o
 .text.LL_DMA_SetMode
                0x0000000008001038       0x48 ./Core/Src/usart.o
 .text.LL_DMA_SetPeriphIncMode
                0x0000000008001080       0x48 ./Core/Src/usart.o
 .text.LL_DMA_SetMemoryIncMode
                0x00000000080010c8       0x48 ./Core/Src/usart.o
 .text.LL_DMA_SetPeriphSize
                0x0000000008001110       0x48 ./Core/Src/usart.o
 .text.LL_DMA_SetMemorySize
                0x0000000008001158       0x48 ./Core/Src/usart.o
 .text.LL_DMA_SetChannelPriorityLevel
                0x00000000080011a0       0x48 ./Core/Src/usart.o
 .text.LL_DMA_ConfigAddresses
                0x00000000080011e8       0x78 ./Core/Src/usart.o
 .text.LL_DMA_EnableIT_TC
                0x0000000008001260       0x40 ./Core/Src/usart.o
 .text.LL_USART_Enable
                0x00000000080012a0       0x20 ./Core/Src/usart.o
 .text.LL_USART_ConfigAsyncMode
                0x00000000080012c0       0x2c ./Core/Src/usart.o
 .text.LL_USART_EnableIT_RXNE
                0x00000000080012ec       0x42 ./Core/Src/usart.o
 .text.LL_USART_DisableIT_CTS
                0x000000000800132e       0x46 ./Core/Src/usart.o
 .text.LL_USART_DMA_GetRegAddr
                0x0000000008001374       0x2c ./Core/Src/usart.o
 .text.LL_AHB1_GRP1_EnableClock
                0x00000000080013a0       0x30 ./Core/Src/usart.o
 .text.LL_APB1_GRP1_EnableClock
                0x00000000080013d0       0x30 ./Core/Src/usart.o
 .text.MX_USART2_UART_Init
                0x0000000008001400      0x140 ./Core/Src/usart.o
                0x0000000008001400                MX_USART2_UART_Init
 .text.Reset_Handler
                0x0000000008001540       0x50 ./Core/Startup/startup_stm32f303k8tx.o
                0x0000000008001540                Reset_Handler
 .text.Default_Handler
                0x0000000008001590        0x2 ./Core/Startup/startup_stm32f303k8tx.o
                0x0000000008001590                RTC_Alarm_IRQHandler
                0x0000000008001590                TIM1_CC_IRQHandler
                0x0000000008001590                PVD_IRQHandler
                0x0000000008001590                TAMP_STAMP_IRQHandler
                0x0000000008001590                EXTI3_IRQHandler
                0x0000000008001590                EXTI0_IRQHandler
                0x0000000008001590                FPU_IRQHandler
                0x0000000008001590                CAN_TX_IRQHandler
                0x0000000008001590                TIM1_UP_TIM16_IRQHandler
                0x0000000008001590                ADC1_2_IRQHandler
                0x0000000008001590                SPI1_IRQHandler
                0x0000000008001590                CAN_SCE_IRQHandler
                0x0000000008001590                DMA1_Channel4_IRQHandler
                0x0000000008001590                USART3_IRQHandler
                0x0000000008001590                TIM7_DAC2_IRQHandler
                0x0000000008001590                CAN_RX1_IRQHandler
                0x0000000008001590                I2C1_EV_IRQHandler
                0x0000000008001590                DMA1_Channel6_IRQHandler
                0x0000000008001590                TIM3_IRQHandler
                0x0000000008001590                RCC_IRQHandler
                0x0000000008001590                DMA1_Channel1_IRQHandler
                0x0000000008001590                Default_Handler
                0x0000000008001590                EXTI15_10_IRQHandler
                0x0000000008001590                COMP2_IRQHandler
                0x0000000008001590                TIM6_DAC1_IRQHandler
                0x0000000008001590                EXTI9_5_IRQHandler
                0x0000000008001590                RTC_WKUP_IRQHandler
                0x0000000008001590                DMA1_Channel5_IRQHandler
                0x0000000008001590                EXTI4_IRQHandler
                0x0000000008001590                TIM1_TRG_COM_TIM17_IRQHandler
                0x0000000008001590                DMA1_Channel3_IRQHandler
                0x0000000008001590                WWDG_IRQHandler
                0x0000000008001590                TIM2_IRQHandler
                0x0000000008001590                EXTI1_IRQHandler
                0x0000000008001590                COMP4_6_IRQHandler
                0x0000000008001590                DMA1_Channel2_IRQHandler
                0x0000000008001590                FLASH_IRQHandler
                0x0000000008001590                USART1_IRQHandler
                0x0000000008001590                CAN_RX0_IRQHandler
                0x0000000008001590                I2C1_ER_IRQHandler
                0x0000000008001590                EXTI2_TSC_IRQHandler
                0x0000000008001590                TIM1_BRK_TIM15_IRQHandler
 *fill*         0x0000000008001592        0x2 
 .text.HAL_Init
                0x0000000008001594       0x2c ./Drivers/STM32F3xx_HAL_Driver/Src/stm32f3xx_hal.o
                0x0000000008001594                HAL_Init
 .text.HAL_InitTick
                0x00000000080015c0       0x60 ./Drivers/STM32F3xx_HAL_Driver/Src/stm32f3xx_hal.o
                0x00000000080015c0                HAL_InitTick
 .text.HAL_IncTick
                0x0000000008001620       0x28 ./Drivers/STM32F3xx_HAL_Driver/Src/stm32f3xx_hal.o
                0x0000000008001620                HAL_IncTick
 .text.HAL_GetTick
                0x0000000008001648       0x18 ./Drivers/STM32F3xx_HAL_Driver/Src/stm32f3xx_hal.o
                0x0000000008001648                HAL_GetTick
 .text.HAL_Delay
                0x0000000008001660       0x48 ./Drivers/STM32F3xx_HAL_Driver/Src/stm32f3xx_hal.o
                0x0000000008001660                HAL_Delay
 .text.__NVIC_SetPriorityGrouping
                0x00000000080016a8       0x48 ./Drivers/STM32F3xx_HAL_Driver/Src/stm32f3xx_hal_cortex.o
 .text.__NVIC_GetPriorityGrouping
                0x00000000080016f0       0x1c ./Drivers/STM32F3xx_HAL_Driver/Src/stm32f3xx_hal_cortex.o
 .text.__NVIC_SetPriority
                0x000000000800170c       0x54 ./Drivers/STM32F3xx_HAL_Driver/Src/stm32f3xx_hal_cortex.o
 .text.NVIC_EncodePriority
                0x0000000008001760       0x66 ./Drivers/STM32F3xx_HAL_Driver/Src/stm32f3xx_hal_cortex.o
 *fill*         0x00000000080017c6        0x2 
 .text.SysTick_Config
                0x00000000080017c8       0x44 ./Drivers/STM32F3xx_HAL_Driver/Src/stm32f3xx_hal_cortex.o
 .text.HAL_NVIC_SetPriorityGrouping
                0x000000000800180c       0x16 ./Drivers/STM32F3xx_HAL_Driver/Src/stm32f3xx_hal_cortex.o
                0x000000000800180c                HAL_NVIC_SetPriorityGrouping
 .text.HAL_NVIC_SetPriority
                0x0000000008001822       0x38 ./Drivers/STM32F3xx_HAL_Driver/Src/stm32f3xx_hal_cortex.o
                0x0000000008001822                HAL_NVIC_SetPriority
 .text.HAL_SYSTICK_Config
                0x000000000800185a       0x18 ./Drivers/STM32F3xx_HAL_Driver/Src/stm32f3xx_hal_cortex.o
                0x000000000800185a                HAL_SYSTICK_Config
 *fill*         0x0000000008001872        0x2 
 .text.HAL_RCC_OscConfig
                0x0000000008001874     0x107c ./Drivers/STM32F3xx_HAL_Driver/Src/stm32f3xx_hal_rcc.o
                0x0000000008001874                HAL_RCC_OscConfig
 .text.HAL_RCC_ClockConfig
                0x00000000080028f0      0x2f8 ./Drivers/STM32F3xx_HAL_Driver/Src/stm32f3xx_hal_rcc.o
                0x00000000080028f0                HAL_RCC_ClockConfig
 .text.HAL_RCC_GetSysClockFreq
                0x0000000008002be8       0xd4 ./Drivers/STM32F3xx_HAL_Driver/Src/stm32f3xx_hal_rcc.o
                0x0000000008002be8                HAL_RCC_GetSysClockFreq
 .text.HAL_RCCEx_PeriphCLKConfig
                0x0000000008002cbc      0x24c ./Drivers/STM32F3xx_HAL_Driver/Src/stm32f3xx_hal_rcc_ex.o
                0x0000000008002cbc                HAL_RCCEx_PeriphCLKConfig
 .text.LL_GPIO_SetPinMode
                0x0000000008002f08       0x5e ./Drivers/STM32F3xx_HAL_Driver/Src/stm32f3xx_ll_gpio.o
 .text.LL_GPIO_SetPinOutputType
                0x0000000008002f66       0x30 ./Drivers/STM32F3xx_HAL_Driver/Src/stm32f3xx_ll_gpio.o
 .text.LL_GPIO_SetPinSpeed
                0x0000000008002f96       0x5e ./Drivers/STM32F3xx_HAL_Driver/Src/stm32f3xx_ll_gpio.o
 .text.LL_GPIO_SetPinPull
                0x0000000008002ff4       0x5e ./Drivers/STM32F3xx_HAL_Driver/Src/stm32f3xx_ll_gpio.o
 .text.LL_GPIO_SetAFPin_0_7
                0x0000000008003052       0x5e ./Drivers/STM32F3xx_HAL_Driver/Src/stm32f3xx_ll_gpio.o
 .text.LL_GPIO_SetAFPin_8_15
                0x00000000080030b0       0x62 ./Drivers/STM32F3xx_HAL_Driver/Src/stm32f3xx_ll_gpio.o
 .text.LL_GPIO_Init
                0x0000000008003112       0xe0 ./Drivers/STM32F3xx_HAL_Driver/Src/stm32f3xx_ll_gpio.o
                0x0000000008003112                LL_GPIO_Init
 .text.LL_I2C_Enable
                0x00000000080031f2       0x20 ./Drivers/STM32F3xx_HAL_Driver/Src/stm32f3xx_ll_i2c.o
 .text.LL_I2C_Disable
                0x0000000008003212       0x20 ./Drivers/STM32F3xx_HAL_Driver/Src/stm32f3xx_ll_i2c.o
 .text.LL_I2C_ConfigFilters
                0x0000000008003232       0x2e ./Drivers/STM32F3xx_HAL_Driver/Src/stm32f3xx_ll_i2c.o
 .text.LL_I2C_SetOwnAddress1
                0x0000000008003260       0x30 ./Drivers/STM32F3xx_HAL_Driver/Src/stm32f3xx_ll_i2c.o
 .text.LL_I2C_EnableOwnAddress1
                0x0000000008003290       0x20 ./Drivers/STM32F3xx_HAL_Driver/Src/stm32f3xx_ll_i2c.o
 .text.LL_I2C_DisableOwnAddress1
                0x00000000080032b0       0x20 ./Drivers/STM32F3xx_HAL_Driver/Src/stm32f3xx_ll_i2c.o
 .text.LL_I2C_SetTiming
                0x00000000080032d0       0x1c ./Drivers/STM32F3xx_HAL_Driver/Src/stm32f3xx_ll_i2c.o
 .text.LL_I2C_SetMode
                0x00000000080032ec       0x26 ./Drivers/STM32F3xx_HAL_Driver/Src/stm32f3xx_ll_i2c.o
 .text.LL_I2C_AcknowledgeNextData
                0x0000000008003312       0x26 ./Drivers/STM32F3xx_HAL_Driver/Src/stm32f3xx_ll_i2c.o
 .text.LL_I2C_Init
                0x0000000008003338       0x78 ./Drivers/STM32F3xx_HAL_Driver/Src/stm32f3xx_ll_i2c.o
                0x0000000008003338                LL_I2C_Init
 .text.LL_RCC_HSI_IsReady
                0x00000000080033b0       0x24 ./Drivers/STM32F3xx_HAL_Driver/Src/stm32f3xx_ll_rcc.o
 .text.LL_RCC_LSE_IsReady
                0x00000000080033d4       0x24 ./Drivers/STM32F3xx_HAL_Driver/Src/stm32f3xx_ll_rcc.o
 .text.LL_RCC_GetSysClkSource
                0x00000000080033f8       0x1c ./Drivers/STM32F3xx_HAL_Driver/Src/stm32f3xx_ll_rcc.o
 .text.LL_RCC_GetAHBPrescaler
                0x0000000008003414       0x1c ./Drivers/STM32F3xx_HAL_Driver/Src/stm32f3xx_ll_rcc.o
 .text.LL_RCC_GetAPB1Prescaler
                0x0000000008003430       0x1c ./Drivers/STM32F3xx_HAL_Driver/Src/stm32f3xx_ll_rcc.o
 .text.LL_RCC_GetAPB2Prescaler
                0x000000000800344c       0x1c ./Drivers/STM32F3xx_HAL_Driver/Src/stm32f3xx_ll_rcc.o
 .text.LL_RCC_GetUSARTClockSource
                0x0000000008003468       0x2c ./Drivers/STM32F3xx_HAL_Driver/Src/stm32f3xx_ll_rcc.o
 .text.LL_RCC_PLL_GetMainSource
                0x0000000008003494       0x1c ./Drivers/STM32F3xx_HAL_Driver/Src/stm32f3xx_ll_rcc.o
 .text.LL_RCC_PLL_GetMultiplicator
                0x00000000080034b0       0x1c ./Drivers/STM32F3xx_HAL_Driver/Src/stm32f3xx_ll_rcc.o
 .text.LL_RCC_PLL_GetPrediv
                0x00000000080034cc       0x1c ./Drivers/STM32F3xx_HAL_Driver/Src/stm32f3xx_ll_rcc.o
 .text.LL_RCC_GetSystemClocksFreq
                0x00000000080034e8       0x4a ./Drivers/STM32F3xx_HAL_Driver/Src/stm32f3xx_ll_rcc.o
                0x00000000080034e8                LL_RCC_GetSystemClocksFreq
 *fill*         0x0000000008003532        0x2 
 .text.LL_RCC_GetUSARTClockFreq
                0x0000000008003534       0x88 ./Drivers/STM32F3xx_HAL_Driver/Src/stm32f3xx_ll_rcc.o
                0x0000000008003534                LL_RCC_GetUSARTClockFreq
 .text.RCC_GetSystemClockFreq
                0x00000000080035bc       0x4c ./Drivers/STM32F3xx_HAL_Driver/Src/stm32f3xx_ll_rcc.o
                0x00000000080035bc                RCC_GetSystemClockFreq
 .text.RCC_GetHCLKClockFreq
                0x0000000008003608       0x2c ./Drivers/STM32F3xx_HAL_Driver/Src/stm32f3xx_ll_rcc.o
                0x0000000008003608                RCC_GetHCLKClockFreq
 .text.RCC_GetPCLK1ClockFreq
                0x0000000008003634       0x28 ./Drivers/STM32F3xx_HAL_Driver/Src/stm32f3xx_ll_rcc.o
                0x0000000008003634                RCC_GetPCLK1ClockFreq
 .text.RCC_GetPCLK2ClockFreq
                0x000000000800365c       0x28 ./Drivers/STM32F3xx_HAL_Driver/Src/stm32f3xx_ll_rcc.o
                0x000000000800365c                RCC_GetPCLK2ClockFreq
 .text.RCC_PLL_GetFreqDomain_SYS
                0x0000000008003684       0x7c ./Drivers/STM32F3xx_HAL_Driver/Src/stm32f3xx_ll_rcc.o
                0x0000000008003684                RCC_PLL_GetFreqDomain_SYS
 .text.LL_USART_IsEnabled
                0x0000000008003700       0x26 ./Drivers/STM32F3xx_HAL_Driver/Src/stm32f3xx_ll_usart.o
 .text.LL_USART_SetStopBitsLength
                0x0000000008003726       0x26 ./Drivers/STM32F3xx_HAL_Driver/Src/stm32f3xx_ll_usart.o
 .text.LL_USART_SetHWFlowCtrl
                0x000000000800374c       0x26 ./Drivers/STM32F3xx_HAL_Driver/Src/stm32f3xx_ll_usart.o
 .text.LL_USART_SetBaudRate
                0x0000000008003772       0x6e ./Drivers/STM32F3xx_HAL_Driver/Src/stm32f3xx_ll_usart.o
 .text.LL_USART_Init
                0x00000000080037e0       0xd8 ./Drivers/STM32F3xx_HAL_Driver/Src/stm32f3xx_ll_usart.o
                0x00000000080037e0                LL_USART_Init
 .text.__libc_init_array
                0x00000000080038b8       0x48 c:/st/stm32cubeide_1.12.0/stm32cubeide/plugins/com.st.stm32cube.ide.mcu.externaltools.gnu-tools-for-stm32.10.3-2021.10.win32_1.0.200.202301161003/tools/bin/../lib/gcc/arm-none-eabi/10.3.1/../../../../arm-none-eabi/lib/thumb/v7e-m+fp/hard\libc_nano.a(lib_a-init.o)
                0x00000000080038b8                __libc_init_array
 .text.memset   0x0000000008003900       0x10 c:/st/stm32cubeide_1.12.0/stm32cubeide/plugins/com.st.stm32cube.ide.mcu.externaltools.gnu-tools-for-stm32.10.3-2021.10.win32_1.0.200.202301161003/tools/bin/../lib/gcc/arm-none-eabi/10.3.1/../../../../arm-none-eabi/lib/thumb/v7e-m+fp/hard\libc_nano.a(lib_a-memset.o)
                0x0000000008003900                memset
 *(.glue_7)
 .glue_7        0x0000000008003910        0x0 linker stubs
 *(.glue_7t)
 .glue_7t       0x0000000008003910        0x0 linker stubs
 *(.eh_frame)
 .eh_frame      0x0000000008003910        0x0 c:/st/stm32cubeide_1.12.0/stm32cubeide/plugins/com.st.stm32cube.ide.mcu.externaltools.gnu-tools-for-stm32.10.3-2021.10.win32_1.0.200.202301161003/tools/bin/../lib/gcc/arm-none-eabi/10.3.1/thumb/v7e-m+fp/hard/crtbegin.o
 *(.init)
 .init          0x0000000008003910        0x4 c:/st/stm32cubeide_1.12.0/stm32cubeide/plugins/com.st.stm32cube.ide.mcu.externaltools.gnu-tools-for-stm32.10.3-2021.10.win32_1.0.200.202301161003/tools/bin/../lib/gcc/arm-none-eabi/10.3.1/thumb/v7e-m+fp/hard/crti.o
                0x0000000008003910                _init
 .init          0x0000000008003914        0x8 c:/st/stm32cubeide_1.12.0/stm32cubeide/plugins/com.st.stm32cube.ide.mcu.externaltools.gnu-tools-for-stm32.10.3-2021.10.win32_1.0.200.202301161003/tools/bin/../lib/gcc/arm-none-eabi/10.3.1/thumb/v7e-m+fp/hard/crtn.o
 *(.fini)
 .fini          0x000000000800391c        0x4 c:/st/stm32cubeide_1.12.0/stm32cubeide/plugins/com.st.stm32cube.ide.mcu.externaltools.gnu-tools-for-stm32.10.3-2021.10.win32_1.0.200.202301161003/tools/bin/../lib/gcc/arm-none-eabi/10.3.1/thumb/v7e-m+fp/hard/crti.o
                0x000000000800391c                _fini
 .fini          0x0000000008003920        0x8 c:/st/stm32cubeide_1.12.0/stm32cubeide/plugins/com.st.stm32cube.ide.mcu.externaltools.gnu-tools-for-stm32.10.3-2021.10.win32_1.0.200.202301161003/tools/bin/../lib/gcc/arm-none-eabi/10.3.1/thumb/v7e-m+fp/hard/crtn.o
                0x0000000008003928                . = ALIGN (0x4)
                0x0000000008003928                _etext = .

.vfp11_veneer   0x0000000008003928        0x0
 .vfp11_veneer  0x0000000008003928        0x0 linker stubs

.v4_bx          0x0000000008003928        0x0
 .v4_bx         0x0000000008003928        0x0 linker stubs

.iplt           0x0000000008003928        0x0
 .iplt          0x0000000008003928        0x0 c:/st/stm32cubeide_1.12.0/stm32cubeide/plugins/com.st.stm32cube.ide.mcu.externaltools.gnu-tools-for-stm32.10.3-2021.10.win32_1.0.200.202301161003/tools/bin/../lib/gcc/arm-none-eabi/10.3.1/thumb/v7e-m+fp/hard/crtbegin.o

.rodata         0x0000000008003928       0x48
                0x0000000008003928                . = ALIGN (0x4)
 *(.rodata)
 *(.rodata*)
 .rodata.CHANNEL_OFFSET_TAB
                0x0000000008003928        0x7 ./Core/Src/dma.o
 *fill*         0x000000000800392f        0x1 
 .rodata.AHBPrescTable
                0x0000000008003930       0x10 ./Core/Src/system_stm32f3xx.o
                0x0000000008003930                AHBPrescTable
 .rodata.APBPrescTable
                0x0000000008003940        0x8 ./Core/Src/system_stm32f3xx.o
                0x0000000008003940                APBPrescTable
 .rodata.CHANNEL_OFFSET_TAB
                0x0000000008003948        0x7 ./Core/Src/usart.o
 *fill*         0x000000000800394f        0x1 
 .rodata.aPLLMULFactorTable
                0x0000000008003950       0x10 ./Drivers/STM32F3xx_HAL_Driver/Src/stm32f3xx_hal_rcc.o
                0x0000000008003950                aPLLMULFactorTable
 .rodata.aPredivFactorTable
                0x0000000008003960       0x10 ./Drivers/STM32F3xx_HAL_Driver/Src/stm32f3xx_hal_rcc.o
                0x0000000008003960                aPredivFactorTable
                0x0000000008003970                . = ALIGN (0x4)

.rel.dyn        0x0000000008003970        0x0
 .rel.iplt      0x0000000008003970        0x0 c:/st/stm32cubeide_1.12.0/stm32cubeide/plugins/com.st.stm32cube.ide.mcu.externaltools.gnu-tools-for-stm32.10.3-2021.10.win32_1.0.200.202301161003/tools/bin/../lib/gcc/arm-none-eabi/10.3.1/thumb/v7e-m+fp/hard/crtbegin.o

.ARM.extab      0x0000000008003970        0x0
                0x0000000008003970                . = ALIGN (0x4)
 *(.ARM.extab* .gnu.linkonce.armextab.*)
                0x0000000008003970                . = ALIGN (0x4)

.ARM            0x0000000008003970        0x0
                0x0000000008003970                . = ALIGN (0x4)
                0x0000000008003970                __exidx_start = .
 *(.ARM.exidx*)
                0x0000000008003970                __exidx_end = .
                0x0000000008003970                . = ALIGN (0x4)

.preinit_array  0x0000000008003970        0x0
                0x0000000008003970                . = ALIGN (0x4)
                0x0000000008003970                PROVIDE (__preinit_array_start = .)
 *(.preinit_array*)
                0x0000000008003970                PROVIDE (__preinit_array_end = .)
                0x0000000008003970                . = ALIGN (0x4)

.init_array     0x0000000008003970        0x4
                0x0000000008003970                . = ALIGN (0x4)
                0x0000000008003970                PROVIDE (__init_array_start = .)
 *(SORT_BY_NAME(.init_array.*))
 *(.init_array*)
 .init_array    0x0000000008003970        0x4 c:/st/stm32cubeide_1.12.0/stm32cubeide/plugins/com.st.stm32cube.ide.mcu.externaltools.gnu-tools-for-stm32.10.3-2021.10.win32_1.0.200.202301161003/tools/bin/../lib/gcc/arm-none-eabi/10.3.1/thumb/v7e-m+fp/hard/crtbegin.o
                0x0000000008003974                PROVIDE (__init_array_end = .)
                0x0000000008003974                . = ALIGN (0x4)

.fini_array     0x0000000008003974        0x4
                0x0000000008003974                . = ALIGN (0x4)
                [!provide]                        PROVIDE (__fini_array_start = .)
 *(SORT_BY_NAME(.fini_array.*))
 *(.fini_array*)
 .fini_array    0x0000000008003974        0x4 c:/st/stm32cubeide_1.12.0/stm32cubeide/plugins/com.st.stm32cube.ide.mcu.externaltools.gnu-tools-for-stm32.10.3-2021.10.win32_1.0.200.202301161003/tools/bin/../lib/gcc/arm-none-eabi/10.3.1/thumb/v7e-m+fp/hard/crtbegin.o
                [!provide]                        PROVIDE (__fini_array_end = .)
                0x0000000008003978                . = ALIGN (0x4)
                0x0000000008003978                _sidata = LOADADDR (.data)

.data           0x0000000020000000        0xc load address 0x0000000008003978
                0x0000000020000000                . = ALIGN (0x4)
                0x0000000020000000                _sdata = .
 *(.data)
 *(.data*)
 .data.SystemCoreClock
                0x0000000020000000        0x4 ./Core/Src/system_stm32f3xx.o
                0x0000000020000000                SystemCoreClock
 .data.uwTickPrio
                0x0000000020000004        0x4 ./Drivers/STM32F3xx_HAL_Driver/Src/stm32f3xx_hal.o
                0x0000000020000004                uwTickPrio
 .data.uwTickFreq
                0x0000000020000008        0x1 ./Drivers/STM32F3xx_HAL_Driver/Src/stm32f3xx_hal.o
                0x0000000020000008                uwTickFreq
 *(.RamFunc)
 *(.RamFunc*)
                0x000000002000000c                . = ALIGN (0x4)
 *fill*         0x0000000020000009        0x3 
                0x000000002000000c                _edata = .
                0x0000000008003984                _siccmram = LOADADDR (.ccmram)

.igot.plt       0x000000002000000c        0x0 load address 0x0000000008003984
 .igot.plt      0x000000002000000c        0x0 c:/st/stm32cubeide_1.12.0/stm32cubeide/plugins/com.st.stm32cube.ide.mcu.externaltools.gnu-tools-for-stm32.10.3-2021.10.win32_1.0.200.202301161003/tools/bin/../lib/gcc/arm-none-eabi/10.3.1/thumb/v7e-m+fp/hard/crtbegin.o

.ccmram         0x0000000010000000        0x0 load address 0x0000000008003984
                0x0000000010000000                . = ALIGN (0x4)
                0x0000000010000000                _sccmram = .
 *(.ccmram)
 *(.ccmram*)
                0x0000000010000000                . = ALIGN (0x4)
                0x0000000010000000                _eccmram = .
                0x0000000010000000                . = ALIGN (0x4)

.bss            0x000000002000000c       0x40
                0x000000002000000c                _sbss = .
                0x000000002000000c                __bss_start__ = _sbss
 *(.bss)
 .bss           0x000000002000000c       0x1c c:/st/stm32cubeide_1.12.0/stm32cubeide/plugins/com.st.stm32cube.ide.mcu.externaltools.gnu-tools-for-stm32.10.3-2021.10.win32_1.0.200.202301161003/tools/bin/../lib/gcc/arm-none-eabi/10.3.1/thumb/v7e-m+fp/hard/crtbegin.o
 *(.bss*)
 .bss.Sensor_init
                0x0000000020000028        0x1 ./Core/Src/Message_process.o
                0x0000000020000028                Sensor_init
 *fill*         0x0000000020000029        0x3 
 .bss.TxData    0x000000002000002c       0x10 ./Core/Src/dma.o
                0x000000002000002c                TxData
 .bss.RxData    0x000000002000003c        0x8 ./Core/Src/main.o
                0x000000002000003c                RxData
 .bss.recvComplete
                0x0000000020000044        0x1 ./Core/Src/main.o
                0x0000000020000044                recvComplete
 .bss.counter.0
                0x0000000020000045        0x1 ./Core/Src/main.o
 *fill*         0x0000000020000046        0x2 
 .bss.uwTick    0x0000000020000048        0x4 ./Drivers/STM32F3xx_HAL_Driver/Src/stm32f3xx_hal.o
                0x0000000020000048                uwTick
 *(COMMON)
                0x000000002000004c                . = ALIGN (0x4)
                0x000000002000004c                _ebss = .
                0x000000002000004c                __bss_end__ = _ebss

._user_heap_stack
                0x000000002000004c      0x604
                0x0000000020000050                . = ALIGN (0x8)
 *fill*         0x000000002000004c        0x4 
                [!provide]                        PROVIDE (end = .)
                0x0000000020000050                PROVIDE (_end = .)
                0x0000000020000250                . = (. + _Min_Heap_Size)
 *fill*         0x0000000020000050      0x200 
                0x0000000020000650                . = (. + _Min_Stack_Size)
 *fill*         0x0000000020000250      0x400 
                0x0000000020000650                . = ALIGN (0x8)

/DISCARD/
 libc.a(*)
 libm.a(*)
 libgcc.a(*)

.ARM.attributes
                0x0000000000000000       0x30
 *(.ARM.attributes)
 .ARM.attributes
                0x0000000000000000       0x1e c:/st/stm32cubeide_1.12.0/stm32cubeide/plugins/com.st.stm32cube.ide.mcu.externaltools.gnu-tools-for-stm32.10.3-2021.10.win32_1.0.200.202301161003/tools/bin/../lib/gcc/arm-none-eabi/10.3.1/thumb/v7e-m+fp/hard/crti.o
 .ARM.attributes
                0x000000000000001e       0x34 c:/st/stm32cubeide_1.12.0/stm32cubeide/plugins/com.st.stm32cube.ide.mcu.externaltools.gnu-tools-for-stm32.10.3-2021.10.win32_1.0.200.202301161003/tools/bin/../lib/gcc/arm-none-eabi/10.3.1/thumb/v7e-m+fp/hard/crtbegin.o
 .ARM.attributes
                0x0000000000000052       0x34 ./Core/Src/Message_process.o
 .ARM.attributes
                0x0000000000000086       0x34 ./Core/Src/Operation.o
 .ARM.attributes
                0x00000000000000ba       0x34 ./Core/Src/Sensor.o
 .ARM.attributes
                0x00000000000000ee       0x34 ./Core/Src/dma.o
 .ARM.attributes
                0x0000000000000122       0x34 ./Core/Src/gpio.o
 .ARM.attributes
                0x0000000000000156       0x34 ./Core/Src/i2c.o
 .ARM.attributes
                0x000000000000018a       0x34 ./Core/Src/main.o
 .ARM.attributes
                0x00000000000001be       0x34 ./Core/Src/sensor1.o
 .ARM.attributes
                0x00000000000001f2       0x34 ./Core/Src/stm32f3xx_hal_msp.o
 .ARM.attributes
                0x0000000000000226       0x34 ./Core/Src/stm32f3xx_it.o
 .ARM.attributes
                0x000000000000025a       0x34 ./Core/Src/system_stm32f3xx.o
 .ARM.attributes
                0x000000000000028e       0x34 ./Core/Src/usart.o
 .ARM.attributes
                0x00000000000002c2       0x21 ./Core/Startup/startup_stm32f303k8tx.o
 .ARM.attributes
                0x00000000000002e3       0x34 ./Drivers/STM32F3xx_HAL_Driver/Src/stm32f3xx_hal.o
 .ARM.attributes
                0x0000000000000317       0x34 ./Drivers/STM32F3xx_HAL_Driver/Src/stm32f3xx_hal_cortex.o
 .ARM.attributes
                0x000000000000034b       0x34 ./Drivers/STM32F3xx_HAL_Driver/Src/stm32f3xx_hal_rcc.o
 .ARM.attributes
                0x000000000000037f       0x34 ./Drivers/STM32F3xx_HAL_Driver/Src/stm32f3xx_hal_rcc_ex.o
 .ARM.attributes
                0x00000000000003b3       0x34 ./Drivers/STM32F3xx_HAL_Driver/Src/stm32f3xx_ll_gpio.o
 .ARM.attributes
                0x00000000000003e7       0x34 ./Drivers/STM32F3xx_HAL_Driver/Src/stm32f3xx_ll_i2c.o
 .ARM.attributes
                0x000000000000041b       0x34 ./Drivers/STM32F3xx_HAL_Driver/Src/stm32f3xx_ll_rcc.o
 .ARM.attributes
                0x000000000000044f       0x34 ./Drivers/STM32F3xx_HAL_Driver/Src/stm32f3xx_ll_usart.o
 .ARM.attributes
                0x0000000000000483       0x34 c:/st/stm32cubeide_1.12.0/stm32cubeide/plugins/com.st.stm32cube.ide.mcu.externaltools.gnu-tools-for-stm32.10.3-2021.10.win32_1.0.200.202301161003/tools/bin/../lib/gcc/arm-none-eabi/10.3.1/../../../../arm-none-eabi/lib/thumb/v7e-m+fp/hard\libc_nano.a(lib_a-init.o)
 .ARM.attributes
                0x00000000000004b7       0x34 c:/st/stm32cubeide_1.12.0/stm32cubeide/plugins/com.st.stm32cube.ide.mcu.externaltools.gnu-tools-for-stm32.10.3-2021.10.win32_1.0.200.202301161003/tools/bin/../lib/gcc/arm-none-eabi/10.3.1/../../../../arm-none-eabi/lib/thumb/v7e-m+fp/hard\libc_nano.a(lib_a-memset.o)
 .ARM.attributes
                0x00000000000004eb       0x1e c:/st/stm32cubeide_1.12.0/stm32cubeide/plugins/com.st.stm32cube.ide.mcu.externaltools.gnu-tools-for-stm32.10.3-2021.10.win32_1.0.200.202301161003/tools/bin/../lib/gcc/arm-none-eabi/10.3.1/thumb/v7e-m+fp/hard/crtn.o
OUTPUT(bak_prevodnik4.elf elf32-littlearm)
LOAD linker stubs
LOAD c:/st/stm32cubeide_1.12.0/stm32cubeide/plugins/com.st.stm32cube.ide.mcu.externaltools.gnu-tools-for-stm32.10.3-2021.10.win32_1.0.200.202301161003/tools/bin/../lib/gcc/arm-none-eabi/10.3.1/../../../../arm-none-eabi/lib/thumb/v7e-m+fp/hard\libc.a
LOAD c:/st/stm32cubeide_1.12.0/stm32cubeide/plugins/com.st.stm32cube.ide.mcu.externaltools.gnu-tools-for-stm32.10.3-2021.10.win32_1.0.200.202301161003/tools/bin/../lib/gcc/arm-none-eabi/10.3.1/../../../../arm-none-eabi/lib/thumb/v7e-m+fp/hard\libm.a
LOAD c:/st/stm32cubeide_1.12.0/stm32cubeide/plugins/com.st.stm32cube.ide.mcu.externaltools.gnu-tools-for-stm32.10.3-2021.10.win32_1.0.200.202301161003/tools/bin/../lib/gcc/arm-none-eabi/10.3.1/thumb/v7e-m+fp/hard\libgcc.a

.debug_info     0x0000000000000000     0x90a9
 .debug_info    0x0000000000000000      0x34b ./Core/Src/Message_process.o
 .debug_info    0x000000000000034b      0x29f ./Core/Src/Operation.o
 .debug_info    0x00000000000005ea      0x534 ./Core/Src/Sensor.o
 .debug_info    0x0000000000000b1e      0xaa4 ./Core/Src/dma.o
 .debug_info    0x00000000000015c2      0x3a3 ./Core/Src/gpio.o
 .debug_info    0x0000000000001965      0x60d ./Core/Src/i2c.o
 .debug_info    0x0000000000001f72      0xa01 ./Core/Src/main.o
 .debug_info    0x0000000000002973      0x2d3 ./Core/Src/sensor1.o
 .debug_info    0x0000000000002c46      0x1ee ./Core/Src/stm32f3xx_hal_msp.o
 .debug_info    0x0000000000002e34      0x60d ./Core/Src/stm32f3xx_it.o
 .debug_info    0x0000000000003441      0x416 ./Core/Src/system_stm32f3xx.o
 .debug_info    0x0000000000003857      0xfed ./Core/Src/usart.o
 .debug_info    0x0000000000004844       0x22 ./Core/Startup/startup_stm32f303k8tx.o
 .debug_info    0x0000000000004866      0x77d ./Drivers/STM32F3xx_HAL_Driver/Src/stm32f3xx_hal.o
 .debug_info    0x0000000000004fe3      0xb20 ./Drivers/STM32F3xx_HAL_Driver/Src/stm32f3xx_hal_cortex.o
 .debug_info    0x0000000000005b03     0x1586 ./Drivers/STM32F3xx_HAL_Driver/Src/stm32f3xx_hal_rcc.o
 .debug_info    0x0000000000007089      0x56b ./Drivers/STM32F3xx_HAL_Driver/Src/stm32f3xx_hal_rcc_ex.o
 .debug_info    0x00000000000075f4      0x758 ./Drivers/STM32F3xx_HAL_Driver/Src/stm32f3xx_ll_gpio.o
 .debug_info    0x0000000000007d4c      0x573 ./Drivers/STM32F3xx_HAL_Driver/Src/stm32f3xx_ll_i2c.o
 .debug_info    0x00000000000082bf      0x71d ./Drivers/STM32F3xx_HAL_Driver/Src/stm32f3xx_ll_rcc.o
 .debug_info    0x00000000000089dc      0x6cd ./Drivers/STM32F3xx_HAL_Driver/Src/stm32f3xx_ll_usart.o

.debug_abbrev   0x0000000000000000     0x266c
 .debug_abbrev  0x0000000000000000      0x188 ./Core/Src/Message_process.o
 .debug_abbrev  0x0000000000000188      0x144 ./Core/Src/Operation.o
 .debug_abbrev  0x00000000000002cc      0x1f4 ./Core/Src/Sensor.o
 .debug_abbrev  0x00000000000004c0      0x271 ./Core/Src/dma.o
 .debug_abbrev  0x0000000000000731      0x191 ./Core/Src/gpio.o
 .debug_abbrev  0x00000000000008c2      0x191 ./Core/Src/i2c.o
 .debug_abbrev  0x0000000000000a53      0x2aa ./Core/Src/main.o
 .debug_abbrev  0x0000000000000cfd      0x13c ./Core/Src/sensor1.o
 .debug_abbrev  0x0000000000000e39       0xdb ./Core/Src/stm32f3xx_hal_msp.o
 .debug_abbrev  0x0000000000000f14      0x1da ./Core/Src/stm32f3xx_it.o
 .debug_abbrev  0x00000000000010ee      0x116 ./Core/Src/system_stm32f3xx.o
 .debug_abbrev  0x0000000000001204      0x29b ./Core/Src/usart.o
 .debug_abbrev  0x000000000000149f       0x12 ./Core/Startup/startup_stm32f303k8tx.o
 .debug_abbrev  0x00000000000014b1      0x20e ./Drivers/STM32F3xx_HAL_Driver/Src/stm32f3xx_hal.o
 .debug_abbrev  0x00000000000016bf      0x2ed ./Drivers/STM32F3xx_HAL_Driver/Src/stm32f3xx_hal_cortex.o
 .debug_abbrev  0x00000000000019ac      0x30c ./Drivers/STM32F3xx_HAL_Driver/Src/stm32f3xx_hal_rcc.o
 .debug_abbrev  0x0000000000001cb8      0x226 ./Drivers/STM32F3xx_HAL_Driver/Src/stm32f3xx_hal_rcc_ex.o
 .debug_abbrev  0x0000000000001ede      0x20e ./Drivers/STM32F3xx_HAL_Driver/Src/stm32f3xx_ll_gpio.o
 .debug_abbrev  0x00000000000020ec      0x167 ./Drivers/STM32F3xx_HAL_Driver/Src/stm32f3xx_ll_i2c.o
 .debug_abbrev  0x0000000000002253      0x24e ./Drivers/STM32F3xx_HAL_Driver/Src/stm32f3xx_ll_rcc.o
 .debug_abbrev  0x00000000000024a1      0x1cb ./Drivers/STM32F3xx_HAL_Driver/Src/stm32f3xx_ll_usart.o

.debug_aranges  0x0000000000000000      0x960
 .debug_aranges
                0x0000000000000000       0x28 ./Core/Src/Message_process.o
 .debug_aranges
                0x0000000000000028       0x20 ./Core/Src/Operation.o
 .debug_aranges
                0x0000000000000048       0x70 ./Core/Src/Sensor.o
 .debug_aranges
                0x00000000000000b8       0x70 ./Core/Src/dma.o
 .debug_aranges
                0x0000000000000128       0x30 ./Core/Src/gpio.o
 .debug_aranges
                0x0000000000000158       0x60 ./Core/Src/i2c.o
 .debug_aranges
                0x00000000000001b8       0x70 ./Core/Src/main.o
 .debug_aranges
                0x0000000000000228       0x28 ./Core/Src/sensor1.o
 .debug_aranges
                0x0000000000000250       0x20 ./Core/Src/stm32f3xx_hal_msp.o
 .debug_aranges
                0x0000000000000270       0xc0 ./Core/Src/stm32f3xx_it.o
 .debug_aranges
                0x0000000000000330       0x28 ./Core/Src/system_stm32f3xx.o
 .debug_aranges
                0x0000000000000358       0xc0 ./Core/Src/usart.o
 .debug_aranges
                0x0000000000000418       0x28 ./Core/Startup/startup_stm32f303k8tx.o
 .debug_aranges
                0x0000000000000440       0xe0 ./Drivers/STM32F3xx_HAL_Driver/Src/stm32f3xx_hal.o
 .debug_aranges
                0x0000000000000520      0x100 ./Drivers/STM32F3xx_HAL_Driver/Src/stm32f3xx_hal_cortex.o
 .debug_aranges
                0x0000000000000620       0x88 ./Drivers/STM32F3xx_HAL_Driver/Src/stm32f3xx_hal_rcc.o
 .debug_aranges
                0x00000000000006a8       0x38 ./Drivers/STM32F3xx_HAL_Driver/Src/stm32f3xx_hal_rcc_ex.o
 .debug_aranges
                0x00000000000006e0       0x70 ./Drivers/STM32F3xx_HAL_Driver/Src/stm32f3xx_ll_gpio.o
 .debug_aranges
                0x0000000000000750       0x88 ./Drivers/STM32F3xx_HAL_Driver/Src/stm32f3xx_ll_i2c.o
 .debug_aranges
                0x00000000000007d8      0x100 ./Drivers/STM32F3xx_HAL_Driver/Src/stm32f3xx_ll_rcc.o
 .debug_aranges
                0x00000000000008d8       0x88 ./Drivers/STM32F3xx_HAL_Driver/Src/stm32f3xx_ll_usart.o

.debug_ranges   0x0000000000000000      0x818
 .debug_ranges  0x0000000000000000       0x18 ./Core/Src/Message_process.o
 .debug_ranges  0x0000000000000018       0x10 ./Core/Src/Operation.o
 .debug_ranges  0x0000000000000028       0x60 ./Core/Src/Sensor.o
 .debug_ranges  0x0000000000000088       0x60 ./Core/Src/dma.o
 .debug_ranges  0x00000000000000e8       0x20 ./Core/Src/gpio.o
 .debug_ranges  0x0000000000000108       0x50 ./Core/Src/i2c.o
 .debug_ranges  0x0000000000000158       0x60 ./Core/Src/main.o
 .debug_ranges  0x00000000000001b8       0x18 ./Core/Src/sensor1.o
 .debug_ranges  0x00000000000001d0       0x10 ./Core/Src/stm32f3xx_hal_msp.o
 .debug_ranges  0x00000000000001e0       0xb0 ./Core/Src/stm32f3xx_it.o
 .debug_ranges  0x0000000000000290       0x18 ./Core/Src/system_stm32f3xx.o
 .debug_ranges  0x00000000000002a8       0xb0 ./Core/Src/usart.o
 .debug_ranges  0x0000000000000358       0x20 ./Core/Startup/startup_stm32f303k8tx.o
 .debug_ranges  0x0000000000000378       0xd0 ./Drivers/STM32F3xx_HAL_Driver/Src/stm32f3xx_hal.o
 .debug_ranges  0x0000000000000448       0xf0 ./Drivers/STM32F3xx_HAL_Driver/Src/stm32f3xx_hal_cortex.o
 .debug_ranges  0x0000000000000538       0x78 ./Drivers/STM32F3xx_HAL_Driver/Src/stm32f3xx_hal_rcc.o
 .debug_ranges  0x00000000000005b0       0x28 ./Drivers/STM32F3xx_HAL_Driver/Src/stm32f3xx_hal_rcc_ex.o
 .debug_ranges  0x00000000000005d8       0x60 ./Drivers/STM32F3xx_HAL_Driver/Src/stm32f3xx_ll_gpio.o
 .debug_ranges  0x0000000000000638       0x78 ./Drivers/STM32F3xx_HAL_Driver/Src/stm32f3xx_ll_i2c.o
 .debug_ranges  0x00000000000006b0       0xf0 ./Drivers/STM32F3xx_HAL_Driver/Src/stm32f3xx_ll_rcc.o
 .debug_ranges  0x00000000000007a0       0x78 ./Drivers/STM32F3xx_HAL_Driver/Src/stm32f3xx_ll_usart.o

.debug_macro    0x0000000000000000    0x1c5ab
 .debug_macro   0x0000000000000000      0x1c7 ./Core/Src/Message_process.o
 .debug_macro   0x00000000000001c7      0xa7e ./Core/Src/Message_process.o
 .debug_macro   0x0000000000000c45       0x22 ./Core/Src/Message_process.o
 .debug_macro   0x0000000000000c67       0x8e ./Core/Src/Message_process.o
 .debug_macro   0x0000000000000cf5       0x51 ./Core/Src/Message_process.o
 .debug_macro   0x0000000000000d46      0x103 ./Core/Src/Message_process.o
 .debug_macro   0x0000000000000e49       0x6a ./Core/Src/Message_process.o
 .debug_macro   0x0000000000000eb3      0x1df ./Core/Src/Message_process.o
 .debug_macro   0x0000000000001092       0x2e ./Core/Src/Message_process.o
 .debug_macro   0x00000000000010c0       0x28 ./Core/Src/Message_process.o
 .debug_macro   0x00000000000010e8       0x1c ./Core/Src/Message_process.o
 .debug_macro   0x0000000000001104       0x22 ./Core/Src/Message_process.o
 .debug_macro   0x0000000000001126       0xd9 ./Core/Src/Message_process.o
 .debug_macro   0x00000000000011ff      0xf07 ./Core/Src/Message_process.o
 .debug_macro   0x0000000000002106    0x10be0 ./Core/Src/Message_process.o
 .debug_macro   0x0000000000012ce6       0x6d ./Core/Src/Message_process.o
 .debug_macro   0x0000000000012d53      0x14b ./Core/Src/Message_process.o
 .debug_macro   0x0000000000012e9e     0x3540 ./Core/Src/Message_process.o
 .debug_macro   0x00000000000163de      0x174 ./Core/Src/Message_process.o
 .debug_macro   0x0000000000016552       0x55 ./Core/Src/Message_process.o
 .debug_macro   0x00000000000165a7      0x8f9 ./Core/Src/Message_process.o
 .debug_macro   0x0000000000016ea0      0x304 ./Core/Src/Message_process.o
 .debug_macro   0x00000000000171a4      0x1b6 ./Core/Src/Message_process.o
 .debug_macro   0x000000000001735a      0x11b ./Core/Src/Message_process.o
 .debug_macro   0x0000000000017475      0x1d5 ./Core/Src/Message_process.o
 .debug_macro   0x000000000001764a      0x1bc ./Core/Src/Message_process.o
 .debug_macro   0x0000000000017806       0x34 ./Core/Src/Message_process.o
 .debug_macro   0x000000000001783a       0x3c ./Core/Src/Message_process.o
 .debug_macro   0x0000000000017876       0x57 ./Core/Src/Message_process.o
 .debug_macro   0x00000000000178cd       0xc5 ./Core/Src/Message_process.o
 .debug_macro   0x0000000000017992      0x19f ./Core/Src/Message_process.o
 .debug_macro   0x0000000000017b31      0x22c ./Core/Src/Message_process.o
 .debug_macro   0x0000000000017d5d       0x5b ./Core/Src/Message_process.o
 .debug_macro   0x0000000000017db8       0xa5 ./Core/Src/Message_process.o
 .debug_macro   0x0000000000017e5d       0x81 ./Core/Src/Message_process.o
 .debug_macro   0x0000000000017ede       0xd3 ./Core/Src/Message_process.o
 .debug_macro   0x0000000000017fb1      0x285 ./Core/Src/Message_process.o
 .debug_macro   0x0000000000018236      0x248 ./Core/Src/Message_process.o
 .debug_macro   0x000000000001847e      0x1c6 ./Core/Src/Operation.o
 .debug_macro   0x0000000000018644       0x16 ./Core/Src/Operation.o
 .debug_macro   0x000000000001865a      0x225 ./Core/Src/Sensor.o
 .debug_macro   0x000000000001887f      0x287 ./Core/Src/Sensor.o
 .debug_macro   0x0000000000018b06      0x2f7 ./Core/Src/Sensor.o
 .debug_macro   0x0000000000018dfd      0x4c2 ./Core/Src/Sensor.o
 .debug_macro   0x00000000000192bf      0x29f ./Core/Src/Sensor.o
 .debug_macro   0x000000000001955e      0x142 ./Core/Src/Sensor.o
 .debug_macro   0x00000000000196a0       0xfe ./Core/Src/Sensor.o
 .debug_macro   0x000000000001979e       0xe1 ./Core/Src/Sensor.o
 .debug_macro   0x000000000001987f       0x28 ./Core/Src/Sensor.o
 .debug_macro   0x00000000000198a7       0x30 ./Core/Src/Sensor.o
 .debug_macro   0x00000000000198d7       0xa8 ./Core/Src/Sensor.o
 .debug_macro   0x000000000001997f      0x219 ./Core/Src/dma.o
 .debug_macro   0x0000000000019b98      0x24e ./Core/Src/dma.o
 .debug_macro   0x0000000000019de6      0x215 ./Core/Src/gpio.o
 .debug_macro   0x0000000000019ffb      0x215 ./Core/Src/i2c.o
 .debug_macro   0x000000000001a210      0x281 ./Core/Src/main.o
 .debug_macro   0x000000000001a491       0x22 ./Core/Src/main.o
 .debug_macro   0x000000000001a4b3       0x1c ./Core/Src/main.o
 .debug_macro   0x000000000001a4cf      0x1c1 ./Core/Src/sensor1.o
 .debug_macro   0x000000000001a690      0x20b ./Core/Src/stm32f3xx_hal_msp.o
 .debug_macro   0x000000000001a89b      0x215 ./Core/Src/stm32f3xx_it.o
 .debug_macro   0x000000000001aab0      0x19e ./Core/Src/system_stm32f3xx.o
 .debug_macro   0x000000000001ac4e      0x215 ./Core/Src/usart.o
 .debug_macro   0x000000000001ae63      0x1c2 ./Drivers/STM32F3xx_HAL_Driver/Src/stm32f3xx_hal.o
 .debug_macro   0x000000000001b025      0x19e ./Drivers/STM32F3xx_HAL_Driver/Src/stm32f3xx_hal_cortex.o
 .debug_macro   0x000000000001b1c3      0x1c2 ./Drivers/STM32F3xx_HAL_Driver/Src/stm32f3xx_hal_rcc.o
 .debug_macro   0x000000000001b385      0x19e ./Drivers/STM32F3xx_HAL_Driver/Src/stm32f3xx_hal_rcc_ex.o
 .debug_macro   0x000000000001b523      0x1e0 ./Drivers/STM32F3xx_HAL_Driver/Src/stm32f3xx_ll_gpio.o
 .debug_macro   0x000000000001b703      0x13c ./Drivers/STM32F3xx_HAL_Driver/Src/stm32f3xx_ll_gpio.o
 .debug_macro   0x000000000001b83f      0x1e0 ./Drivers/STM32F3xx_HAL_Driver/Src/stm32f3xx_ll_i2c.o
 .debug_macro   0x000000000001ba1f      0x1d2 ./Drivers/STM32F3xx_HAL_Driver/Src/stm32f3xx_ll_rcc.o
 .debug_macro   0x000000000001bbf1      0x4bc ./Drivers/STM32F3xx_HAL_Driver/Src/stm32f3xx_ll_rcc.o
 .debug_macro   0x000000000001c0ad      0x20d ./Drivers/STM32F3xx_HAL_Driver/Src/stm32f3xx_ll_usart.o
 .debug_macro   0x000000000001c2ba      0x2f1 ./Drivers/STM32F3xx_HAL_Driver/Src/stm32f3xx_ll_usart.o

.debug_line     0x0000000000000000     0xbc05
 .debug_line    0x0000000000000000      0x6f0 ./Core/Src/Message_process.o
 .debug_line    0x00000000000006f0      0x6a4 ./Core/Src/Operation.o
 .debug_line    0x0000000000000d94      0x952 ./Core/Src/Sensor.o
 .debug_line    0x00000000000016e6      0x93d ./Core/Src/dma.o
 .debug_line    0x0000000000002023      0x7c9 ./Core/Src/gpio.o
 .debug_line    0x00000000000027ec      0x885 ./Core/Src/i2c.o
 .debug_line    0x0000000000003071      0xa84 ./Core/Src/main.o
 .debug_line    0x0000000000003af5      0x6c2 ./Core/Src/sensor1.o
 .debug_line    0x00000000000041b7      0x779 ./Core/Src/stm32f3xx_hal_msp.o
 .debug_line    0x0000000000004930      0xa55 ./Core/Src/stm32f3xx_it.o
 .debug_line    0x0000000000005385      0x6f2 ./Core/Src/system_stm32f3xx.o
 .debug_line    0x0000000000005a77      0xaed ./Core/Src/usart.o
 .debug_line    0x0000000000006564       0x88 ./Core/Startup/startup_stm32f303k8tx.o
 .debug_line    0x00000000000065ec      0x927 ./Drivers/STM32F3xx_HAL_Driver/Src/stm32f3xx_hal.o
 .debug_line    0x0000000000006f13      0xb0f ./Drivers/STM32F3xx_HAL_Driver/Src/stm32f3xx_hal_cortex.o
 .debug_line    0x0000000000007a22     0x1304 ./Drivers/STM32F3xx_HAL_Driver/Src/stm32f3xx_hal_rcc.o
 .debug_line    0x0000000000008d26      0x9ca ./Drivers/STM32F3xx_HAL_Driver/Src/stm32f3xx_hal_rcc_ex.o
 .debug_line    0x00000000000096f0      0x930 ./Drivers/STM32F3xx_HAL_Driver/Src/stm32f3xx_ll_gpio.o
 .debug_line    0x000000000000a020      0x822 ./Drivers/STM32F3xx_HAL_Driver/Src/stm32f3xx_ll_i2c.o
 .debug_line    0x000000000000a842      0xaf0 ./Drivers/STM32F3xx_HAL_Driver/Src/stm32f3xx_ll_rcc.o
 .debug_line    0x000000000000b332      0x8d3 ./Drivers/STM32F3xx_HAL_Driver/Src/stm32f3xx_ll_usart.o

.debug_str      0x0000000000000000    0x9c681
 .debug_str     0x0000000000000000    0x91b2d ./Core/Src/Message_process.o
                                      0x920e3 (size before relaxing)
 .debug_str     0x0000000000091b2d       0xa1 ./Core/Src/Operation.o
                                      0x920da (size before relaxing)
 .debug_str     0x0000000000091bce     0x79a3 ./Core/Src/Sensor.o
                                      0x99a13 (size before relaxing)
 .debug_str     0x0000000000099571      0x500 ./Core/Src/dma.o
                                      0x99da5 (size before relaxing)
 .debug_str     0x0000000000099a71       0xca ./Core/Src/gpio.o
                                      0x998dd (size before relaxing)
 .debug_str     0x0000000000099b3b      0x12b ./Core/Src/i2c.o
                                      0x99a37 (size before relaxing)
 .debug_str     0x0000000000099c66      0x4a5 ./Core/Src/main.o
                                      0x99ec9 (size before relaxing)
 .debug_str     0x000000000009a10b       0x16 ./Core/Src/sensor1.o
                                      0x920a9 (size before relaxing)
 .debug_str     0x000000000009a121       0x2c ./Core/Src/stm32f3xx_hal_msp.o
                                      0x997f5 (size before relaxing)
 .debug_str     0x000000000009a14d      0x1d8 ./Core/Src/stm32f3xx_it.o
                                      0x999c8 (size before relaxing)
 .debug_str     0x000000000009a325       0x8b ./Core/Src/system_stm32f3xx.o
                                      0x91097 (size before relaxing)
 .debug_str     0x000000000009a3b0      0x242 ./Core/Src/usart.o
                                      0x9a057 (size before relaxing)
 .debug_str     0x000000000009a5f2       0x36 ./Core/Startup/startup_stm32f303k8tx.o
                                         0x72 (size before relaxing)
 .debug_str     0x000000000009a628      0x3b3 ./Drivers/STM32F3xx_HAL_Driver/Src/stm32f3xx_hal.o
                                      0x91787 (size before relaxing)
 .debug_str     0x000000000009a9db      0x1a4 ./Drivers/STM32F3xx_HAL_Driver/Src/stm32f3xx_hal_cortex.o
                                      0x916ac (size before relaxing)
 .debug_str     0x000000000009ab7f      0x2d8 ./Drivers/STM32F3xx_HAL_Driver/Src/stm32f3xx_hal_rcc.o
                                      0x91537 (size before relaxing)
 .debug_str     0x000000000009ae57       0xb4 ./Drivers/STM32F3xx_HAL_Driver/Src/stm32f3xx_hal_rcc_ex.o
                                      0x91236 (size before relaxing)
 .debug_str     0x000000000009af0b      0x619 ./Drivers/STM32F3xx_HAL_Driver/Src/stm32f3xx_ll_gpio.o
                                      0x923b0 (size before relaxing)
 .debug_str     0x000000000009b524      0x3e1 ./Drivers/STM32F3xx_HAL_Driver/Src/stm32f3xx_ll_i2c.o
                                      0x92a00 (size before relaxing)
 .debug_str     0x000000000009b905      0x555 ./Drivers/STM32F3xx_HAL_Driver/Src/stm32f3xx_ll_rcc.o
                                      0x9381e (size before relaxing)
 .debug_str     0x000000000009be5a      0x827 ./Drivers/STM32F3xx_HAL_Driver/Src/stm32f3xx_ll_usart.o
                                      0x952fd (size before relaxing)

.comment        0x0000000000000000       0x50
 .comment       0x0000000000000000       0x50 ./Core/Src/Message_process.o
                                         0x51 (size before relaxing)
 .comment       0x0000000000000050       0x51 ./Core/Src/Operation.o
 .comment       0x0000000000000050       0x51 ./Core/Src/Sensor.o
 .comment       0x0000000000000050       0x51 ./Core/Src/dma.o
 .comment       0x0000000000000050       0x51 ./Core/Src/gpio.o
 .comment       0x0000000000000050       0x51 ./Core/Src/i2c.o
 .comment       0x0000000000000050       0x51 ./Core/Src/main.o
 .comment       0x0000000000000050       0x51 ./Core/Src/sensor1.o
 .comment       0x0000000000000050       0x51 ./Core/Src/stm32f3xx_hal_msp.o
 .comment       0x0000000000000050       0x51 ./Core/Src/stm32f3xx_it.o
 .comment       0x0000000000000050       0x51 ./Core/Src/system_stm32f3xx.o
 .comment       0x0000000000000050       0x51 ./Core/Src/usart.o
 .comment       0x0000000000000050       0x51 ./Drivers/STM32F3xx_HAL_Driver/Src/stm32f3xx_hal.o
 .comment       0x0000000000000050       0x51 ./Drivers/STM32F3xx_HAL_Driver/Src/stm32f3xx_hal_cortex.o
 .comment       0x0000000000000050       0x51 ./Drivers/STM32F3xx_HAL_Driver/Src/stm32f3xx_hal_rcc.o
 .comment       0x0000000000000050       0x51 ./Drivers/STM32F3xx_HAL_Driver/Src/stm32f3xx_hal_rcc_ex.o
 .comment       0x0000000000000050       0x51 ./Drivers/STM32F3xx_HAL_Driver/Src/stm32f3xx_ll_gpio.o
 .comment       0x0000000000000050       0x51 ./Drivers/STM32F3xx_HAL_Driver/Src/stm32f3xx_ll_i2c.o
 .comment       0x0000000000000050       0x51 ./Drivers/STM32F3xx_HAL_Driver/Src/stm32f3xx_ll_rcc.o
 .comment       0x0000000000000050       0x51 ./Drivers/STM32F3xx_HAL_Driver/Src/stm32f3xx_ll_usart.o

.debug_frame    0x0000000000000000     0x233c
 .debug_frame   0x0000000000000000       0x5c ./Core/Src/Message_process.o
 .debug_frame   0x000000000000005c       0x34 ./Core/Src/Operation.o
 .debug_frame   0x0000000000000090      0x1c0 ./Core/Src/Sensor.o
 .debug_frame   0x0000000000000250      0x1a8 ./Core/Src/dma.o
 .debug_frame   0x00000000000003f8       0x84 ./Core/Src/gpio.o
 .debug_frame   0x000000000000047c      0x174 ./Core/Src/i2c.o
 .debug_frame   0x00000000000005f0      0x1a0 ./Core/Src/main.o
 .debug_frame   0x0000000000000790       0x5c ./Core/Src/sensor1.o
 .debug_frame   0x00000000000007ec       0x38 ./Core/Src/stm32f3xx_hal_msp.o
 .debug_frame   0x0000000000000824      0x2cc ./Core/Src/stm32f3xx_it.o
 .debug_frame   0x0000000000000af0       0x58 ./Core/Src/system_stm32f3xx.o
 .debug_frame   0x0000000000000b48      0x350 ./Core/Src/usart.o
 .debug_frame   0x0000000000000e98      0x334 ./Drivers/STM32F3xx_HAL_Driver/Src/stm32f3xx_hal.o
 .debug_frame   0x00000000000011cc      0x428 ./Drivers/STM32F3xx_HAL_Driver/Src/stm32f3xx_hal_cortex.o
 .debug_frame   0x00000000000015f4      0x214 ./Drivers/STM32F3xx_HAL_Driver/Src/stm32f3xx_hal_rcc.o
 .debug_frame   0x0000000000001808       0xb4 ./Drivers/STM32F3xx_HAL_Driver/Src/stm32f3xx_hal_rcc_ex.o
 .debug_frame   0x00000000000018bc      0x1c0 ./Drivers/STM32F3xx_HAL_Driver/Src/stm32f3xx_ll_gpio.o
 .debug_frame   0x0000000000001a7c      0x238 ./Drivers/STM32F3xx_HAL_Driver/Src/stm32f3xx_ll_i2c.o
 .debug_frame   0x0000000000001cb4      0x408 ./Drivers/STM32F3xx_HAL_Driver/Src/stm32f3xx_ll_rcc.o
 .debug_frame   0x00000000000020bc      0x234 ./Drivers/STM32F3xx_HAL_Driver/Src/stm32f3xx_ll_usart.o
 .debug_frame   0x00000000000022f0       0x2c c:/st/stm32cubeide_1.12.0/stm32cubeide/plugins/com.st.stm32cube.ide.mcu.externaltools.gnu-tools-for-stm32.10.3-2021.10.win32_1.0.200.202301161003/tools/bin/../lib/gcc/arm-none-eabi/10.3.1/../../../../arm-none-eabi/lib/thumb/v7e-m+fp/hard\libc_nano.a(lib_a-init.o)
 .debug_frame   0x000000000000231c       0x20 c:/st/stm32cubeide_1.12.0/stm32cubeide/plugins/com.st.stm32cube.ide.mcu.externaltools.gnu-tools-for-stm32.10.3-2021.10.win32_1.0.200.202301161003/tools/bin/../lib/gcc/arm-none-eabi/10.3.1/../../../../arm-none-eabi/lib/thumb/v7e-m+fp/hard\libc_nano.a(lib_a-memset.o)
