../Drivers/CMSIS/Include/core_cm4.h:1676:26:__NVIC_GetPriorityGrouping	4	static
../Drivers/CMSIS/Include/core_cm4.h:1688:22:__NVIC_EnableIRQ	16	static
../Drivers/CMSIS/Include/core_cm4.h:1816:22:__NVIC_SetPriority	16	static
../Drivers/CMSIS/Include/core_cm4.h:1863:26:NVIC_EncodePriority	40	static
../Drivers/STM32F3xx_HAL_Driver/Inc/stm32f3xx_ll_dma.h:490:22:LL_DMA_EnableChannel	16	static
../Drivers/STM32F3xx_HAL_Driver/Inc/stm32f3xx_ll_dma.h:509:22:LL_DMA_DisableChannel	16	static
../Drivers/STM32F3xx_HAL_Driver/Inc/stm32f3xx_ll_dma.h:916:22:LL_DMA_SetDataLength	24	static
../Drivers/STM32F3xx_HAL_Driver/Inc/stm32f3xx_ll_usart.h:3397:22:LL_USART_EnableDMAReq_TX	40	static,ignoring_inline_asm
../Drivers/STM32F3xx_HAL_Driver/Inc/stm32f3xx_ll_bus.h:287:22:LL_AHB1_GRP1_EnableClock	24	static
../Core/Src/dma.c:25:6:MX_DMA_Init	8	static
../Core/Src/dma.c:33:6:DMA_TransmitData	8	static
