../Drivers/STM32F3xx_HAL_Driver/Inc/stm32f3xx_ll_usart.h:2520:26:LL_USART_IsActiveFlag_PE	16	static
../Drivers/STM32F3xx_HAL_Driver/Inc/stm32f3xx_ll_usart.h:2531:26:LL_USART_IsActiveFlag_FE	16	static
../Drivers/STM32F3xx_HAL_Driver/Inc/stm32f3xx_ll_usart.h:2553:26:LL_USART_IsActiveFlag_ORE	16	static
../Drivers/STM32F3xx_HAL_Driver/Inc/stm32f3xx_ll_usart.h:2575:26:LL_USART_IsActiveFlag_RXNE	16	static
../Drivers/STM32F3xx_HAL_Driver/Inc/stm32f3xx_ll_usart.h:3510:26:LL_USART_ReceiveData9	16	static
../Drivers/STM32F3xx_HAL_Driver/Inc/stm32f3xx_ll_gpio.h:937:22:LL_GPIO_TogglePin	24	static
../Core/Src/main.c:61:5:main	40	static
../Core/Src/main.c:125:6:SystemClock_Config	96	static
../Core/Src/main.c:163:6:USART2_IRQHandler	8	static
../Core/Src/main.c:196:6:clearArray	24	static
../Core/Src/main.c:202:6:Error_Handler	4	static,ignoring_inline_asm
