../Drivers/STM32F3xx_HAL_Driver/Inc/stm32f3xx_ll_dma.h:1310:26:LL_DMA_IsActiveFlag_TC7	16	static
../Drivers/STM32F3xx_HAL_Driver/Inc/stm32f3xx_ll_dma.h:1618:22:LL_DMA_ClearFlag_TC7	16	static
../Drivers/STM32F3xx_HAL_Driver/Inc/stm32f3xx_ll_usart.h:546:22:LL_USART_Disable	16	static
../Drivers/STM32F3xx_HAL_Driver/Inc/stm32f3xx_ll_usart.h:2787:22:LL_USART_ClearFlag_FE	16	static
../Drivers/STM32F3xx_HAL_Driver/Inc/stm32f3xx_ll_usart.h:2798:22:LL_USART_ClearFlag_NE	16	static
../Drivers/STM32F3xx_HAL_Driver/Inc/stm32f3xx_ll_usart.h:2809:22:LL_USART_ClearFlag_ORE	16	static
../Drivers/STM32F3xx_HAL_Driver/Inc/stm32f3xx_ll_usart.h:2820:22:LL_USART_ClearFlag_IDLE	16	static
../Drivers/STM32F3xx_HAL_Driver/Inc/stm32f3xx_ll_usart.h:3070:22:LL_USART_DisableIT_IDLE	40	static,ignoring_inline_asm
../Drivers/STM32F3xx_HAL_Driver/Inc/stm32f3xx_ll_usart.h:3081:22:LL_USART_DisableIT_RXNE	40	static,ignoring_inline_asm
../Drivers/STM32F3xx_HAL_Driver/Inc/stm32f3xx_ll_usart.h:3177:22:LL_USART_DisableIT_ERROR	40	static,ignoring_inline_asm
../Core/Src/stm32f3xx_it.c:24:6:NMI_Handler	4	static
../Core/Src/stm32f3xx_it.c:39:6:HardFault_Handler	4	static
../Core/Src/stm32f3xx_it.c:54:6:MemManage_Handler	4	static
../Core/Src/stm32f3xx_it.c:69:6:BusFault_Handler	4	static
../Core/Src/stm32f3xx_it.c:84:6:UsageFault_Handler	4	static
../Core/Src/stm32f3xx_it.c:99:6:SVC_Handler	4	static
../Core/Src/stm32f3xx_it.c:112:6:DebugMon_Handler	4	static
../Core/Src/stm32f3xx_it.c:125:6:PendSV_Handler	4	static
../Core/Src/stm32f3xx_it.c:138:6:SysTick_Handler	8	static
../Core/Src/stm32f3xx_it.c:159:6:DMA1_Channel7_IRQHandler	8	static
../Core/Src/stm32f3xx_it.c:173:6:UART2_ErrorCallback	8	static
